// Vitest Snapshot v1, https://vitest.dev/guide/snapshot.html

exports[`snapshot 1`] = `<html lang="en"> <head><meta charset="UTF-8"><meta name="robots" content="index, follow"><meta name="viewport" content="width=device-width"><title>Astro Basics</title><meta name="description" content="Astro Basics"><link rel="icon" type="image/svg+xml" href="/favicon.svg"><meta property="og:title" content="Astro Basics"><meta property="og:description" content="Astro Basics"><meta property="og:type" content="website"><meta property="og:url" content="https://example.com/"><meta property="og:image" content="https://example.com//ogp.png"><meta name="author" content="Komiya"></head> <body data-astro-source-loc="26:8">  </body></html> <div class="flex justify-center items-center h-screen" data-astro-source-loc="7:60">  </div> `;
